// Jest Snapshot v1, https://goo.gl/fbAQLP

exports[`Person Should render without errors 1`] = `
<div
  className="personCard"
>
  <img
    alt="Image of Suspect"
    src="https://images.unsplash.com/photo-1555443805-658637491dd4?ixlib=rb-1.2.1&ixid=eyJhcHBfaWQiOjEyMDd9&auto=format&fit=crop&w=632&q=80"
  />
  SUSPECT NAME
</div>
`;
