// Jest Snapshot v1, https://goo.gl/fbAQLP

exports[`Navbar Should render without errors 1`] = `
<nav>
  <div
    className="main-nav-elements"
  >
    <div>
      <a
        className="nav-element"
        href="/"
        onClick={[Function]}
      >
        Home
      </a>
    </div>
    <div>
      <a
        className="nav-element"
        href="/reports"
        onClick={[Function]}
      >
        Reports
      </a>
    </div>
    <div
      className="super-admin"
    >
      <a
        className="nav-element"
        href="/users"
        onClick={[Function]}
      >
        Manage Users
      </a>
    </div>
    <div
      className="super-admin"
    >
      <a
        className="nav-element"
        href="/settings"
        onClick={[Function]}
      >
        Admin Settings
      </a>
    </div>
  </div>
  <div
    className="logOut"
  >
    <div>
      <a
        className="nav-element"
        href="/login"
        onClick={[Function]}
      >
        Log Out
      </a>
    </div>
  </div>
</nav>
`;
